Archive member included to satisfy reference by file (symbol)

/opt/riscv32i/lib/gcc/riscv32-unknown-elf/8.2.0/libgcc.a(div.o)
                              firmware/print.o (__udivsi3)

Discarded input sections

 .debug_line    0x0000000000000000      0x169 /opt/riscv32i/lib/gcc/riscv32-unknown-elf/8.2.0/libgcc.a(div.o)
 .debug_info    0x0000000000000000       0x26 /opt/riscv32i/lib/gcc/riscv32-unknown-elf/8.2.0/libgcc.a(div.o)
 .debug_abbrev  0x0000000000000000       0x14 /opt/riscv32i/lib/gcc/riscv32-unknown-elf/8.2.0/libgcc.a(div.o)
 .debug_aranges
                0x0000000000000000       0x20 /opt/riscv32i/lib/gcc/riscv32-unknown-elf/8.2.0/libgcc.a(div.o)
 .debug_str     0x0000000000000000       0xbb /opt/riscv32i/lib/gcc/riscv32-unknown-elf/8.2.0/libgcc.a(div.o)

Memory Configuration

Name             Origin             Length             Attributes
mem              0x0000000000000000 0x0000000000018000
*default*        0x0000000000000000 0xffffffffffffffff

Linker script and memory map


.memory         0x0000000000000000      0xf3c
                0x0000000000000000                . = 0x0
 start*(.text)
 *(.text)
 .text          0x0000000000000000      0x4a8 firmware/start.o
 .text          0x00000000000004a8      0x2b8 firmware/irq.o
                0x00000000000004a8                irq
 .text          0x0000000000000760       0x8e firmware/print.o
                0x0000000000000760                print_chr
                0x0000000000000768                print_str
                0x000000000000077a                print_dec
                0x00000000000007c6                print_hex
 .text          0x00000000000007ee      0x16c firmware/main.o
                0x00000000000007ee                test_mem_map
                0x00000000000008e2                fibonacci_test
 .text          0x000000000000095a      0x110 firmware/stats.o
                0x00000000000009e8                stats
 .text          0x0000000000000a6a      0x196 firmware/sieve.o
                0x0000000000000b10                sieve
 .text          0x0000000000000c00       0xb4 /opt/riscv32i/lib/gcc/riscv32-unknown-elf/8.2.0/libgcc.a(div.o)
                0x0000000000000c00                __divsi3
                0x0000000000000c08                __udivsi3
                0x0000000000000c50                __umodsi3
                0x0000000000000c84                __modsi3
 *(*)
 .data          0x0000000000000cb4        0x0 firmware/start.o
 .bss           0x0000000000000cb4        0x0 firmware/start.o
 .data          0x0000000000000cb4        0x0 firmware/irq.o
 .bss           0x0000000000000cb4        0x0 firmware/irq.o
 .rodata.str1.4
                0x0000000000000cb4      0x167 firmware/irq.o
                                        0x16b (size before relaxing)
 *fill*         0x0000000000000e1b        0x1 
 .sbss          0x0000000000000e1c        0xc firmware/irq.o
 .comment       0x0000000000000e28       0x11 firmware/irq.o
                                         0x12 (size before relaxing)
 .data          0x0000000000000e39        0x0 firmware/print.o
 .bss           0x0000000000000e39        0x0 firmware/print.o
 *fill*         0x0000000000000e39        0x3 
 .rodata.str1.4
                0x0000000000000e3c       0x11 firmware/print.o
 .comment       0x0000000000000e4d       0x12 firmware/print.o
 .data          0x0000000000000e4d        0x0 firmware/main.o
 .bss           0x0000000000000e4d        0x0 firmware/main.o
 *fill*         0x0000000000000e4d        0x1 
 .text.startup  0x0000000000000e4e       0x1c firmware/main.o
                0x0000000000000e4e                main
 *fill*         0x0000000000000e6a        0x2 
 .rodata.str1.4
                0x0000000000000e6c       0x47 firmware/main.o
                                         0x4b (size before relaxing)
 .comment       0x0000000000000eb3       0x12 firmware/main.o
 .data          0x0000000000000eb3        0x0 firmware/stats.o
 .bss           0x0000000000000eb3        0x0 firmware/stats.o
 *fill*         0x0000000000000eb3        0x1 
 .rodata.str1.4
                0x0000000000000eb4       0x3a firmware/stats.o
                                         0x3e (size before relaxing)
 .comment       0x0000000000000eee       0x12 firmware/stats.o
 .data          0x0000000000000eee        0x0 firmware/sieve.o
 .bss           0x0000000000000eee        0x0 firmware/sieve.o
 *fill*         0x0000000000000eee        0x2 
 .rodata.str1.4
                0x0000000000000ef0       0x40 firmware/sieve.o
 .sbss          0x0000000000000f30        0xc firmware/sieve.o
 .comment       0x0000000000000f3c       0x12 firmware/sieve.o
 .data          0x0000000000000f3c        0x0 /opt/riscv32i/lib/gcc/riscv32-unknown-elf/8.2.0/libgcc.a(div.o)
 .bss           0x0000000000000f3c        0x0 /opt/riscv32i/lib/gcc/riscv32-unknown-elf/8.2.0/libgcc.a(div.o)
                0x0000000000000f4e                end = .
                0x0000000000000f50                . = ALIGN (0x4)
LOAD firmware/start.o
LOAD firmware/irq.o
LOAD firmware/print.o
LOAD firmware/main.o
LOAD firmware/stats.o
LOAD firmware/sieve.o
LOAD /opt/riscv32i/lib/gcc/riscv32-unknown-elf/8.2.0/libgcc.a
OUTPUT(firmware/firmware.elf elf32-littleriscv)
